
1)To list a file more than 4kb using du command.
root@ubuntu-bionic:~# du -a -Bk -t4 ./*
4K      ./newdir1/file1.txt
4K      ./newdir1/file2.txt
12K     ./newdir1


-a --> all files and folders under ./
-BK --->  -B, --block-size=SIZE
              scale sizes by SIZE before printing them; e.g., '-BM' prints sizes in units of  1,048,576  bytes;  see  SIZE
        
-t4 ---> -t, --threshold=SIZE
              exclude entries smaller than SIZE if positive, or entries greater than SIZE if negative
              
 2)Using awk you need to replace row3 to line3
 
 vagrant@ubuntu-bionic:~$ cat newdir1/file1.txt
Name : StudentNo : DOB
Sam : 123 : 23/09/2011
Nick : 456 : 12/06/2012
Linus : 678 : 25/08/2014
vagrant@ubuntu-bionic:~$ awk -F ':' '/Linus/{gsub(/Linus/,"Nick : 456 : 12/06/2012");}1'  newdir1/file1.txt
Name : StudentNo : DOB
Sam : 123 : 23/09/2011
Nick : 456 : 12/06/2012
Nick : 456 : 12/06/2012 : 678 : 25/08/2014

vagrant@ubuntu-bionic:~$ cat newdir1/file1.txt
Name : StudentNo : DOB
Sam : 123 : 23/09/2011
Nick : 456 : 12/06/2012
Linus : 678 : 25/08/2014

3)using awk or cut to get list of users
vagrant@ubuntu-bionic:~$ cat /etc/passwd | awk -F ':' '{print $1}'
root
daemon
bin
sys
sync
games
man
lp
mail
news
uucp
proxy
www-data
backup
list
irc
gnats
nobody
systemd-network
systemd-resolve
syslog
messagebus
_apt
lxd
uuidd
dnsmasq
landscape
sshd
pollinate
vagrant
ubuntu
vagrant@ubuntu-bionic:~$ cat /etc/passwd | cut d: -f1
cut: 'd:': No such file or directory
vagrant@ubuntu-bionic:~$ cat /etc/passwd | cut -d: -f1
root
daemon
bin
sys
sync
games
man
lp
mail
news
uucp
proxy
www-data
backup
list
irc
gnats
nobody
systemd-network
systemd-resolve
syslog
messagebus
_apt
lxd
uuidd
dnsmasq
landscape
sshd
pollinate
vagrant
ubuntu
vagrant@ubuntu-bionic:~$ compgen -u
root
daemon
bin
sys
sync
games
man
lp
mail
news
uucp
proxy
www-data
backup
list
irc
gnats
nobody
systemd-network
systemd-resolve
syslog
messagebus
_apt
lxd
uuidd
dnsmasq
landscape
sshd
pollinate
vagrant
ubuntu

vagrant@ubuntu-bionic:~$ awk -F ':' '{print NR "-" $1}' newdir1/file1.txt
1-Name
2-Sam
3-Nick
4-Linus
vagrant@ubuntu-bionic:~$ cut -d: -f1 newdir1/file1.txt
Name
Sam
Nick
Linus

              
 
